src/components/stories/StoryUpload.tsx(2,26): error TS6133: 'TagIcon' is declared but its value is never read.
src/components/stories/StoryUpload.tsx(135,71): error TS2322: Type '"xs"' is not assignable to type '"sm" | "md" | "lg" | "xl" | undefined'.
src/components/stories/StoryUpload.tsx(154,79): error TS2322: Type '"xs"' is not assignable to type '"sm" | "md" | "lg" | "xl" | undefined'.
src/components/stories/StoryViewer.tsx(1,31): error TS6133: 'useRef' is declared but its value is never read.
src/components/stories/StoryViewer.tsx(2,13): error TS6133: 'ChevronLeft' is declared but its value is never read.
src/components/stories/StoryViewer.tsx(2,26): error TS6133: 'ChevronRight' is declared but its value is never read.
src/components/stories/StoryViewer.tsx(223,75): error TS2322: Type '"xs"' is not assignable to type '"sm" | "md" | "lg" | "xl" | undefined'.
src/pages/Profile.tsx(217,11): error TS6133: 'isCurrentUserAdmin' is declared but its value is never read.
